
> dousell-immo@0.1.0 build
> next build

Ôû▓ Next.js 16.1.1 (Turbopack)
- Environments: .env.local
- Experiments (use with caution):
  ┬À optimizePackageImports
  ┬À serverActions

  Creating an optimized production build ...
node.exe : 
Au caractère Ligne:1 : 1
+ & "C:\Program Files\nodejs/node.exe" 
"C:\Program Files\nodejs/node_mo ...
+ ~~~~~~~~~~~~~~~~~~~~~~~~~~~~~~~~~~~~~~~
~~~~~~~~~~~~~~~~~~~~~~~~~~~~~~
    + CategoryInfo          : NotSpecifi 
   ed: (:String) [], RemoteException
    + FullyQualifiedErrorId : NativeComm 
   andError
 
> Build error occurred
Error: Turbopack build failed with 1 
errors:
./app/globals.css
Error evaluating Node.js code
CssSyntaxError: C:\Users\Barry\Downloads\
Doussel_immo\app\globals.css:1097:27: 
Unknown word  u s e r - s e l e c t 
    at Input.error (node_modules/postcss/
lib/input.js:135:16) [C:\Users\Barry\Down
loads\Doussel_immo\.next\build\chunks\nod
e_modules_fe693df6._.js:4651:22]
    at Parser.unknownWord (node_modules/p
ostcss/lib/parser.js:595:22) [C:\Users\Ba
rry\Downloads\Doussel_immo\.next\build\ch
unks\node_modules_fe693df6._.js:5827:26]
    at Parser.decl (node_modules/postcss/
lib/parser.js:236:16) [C:\Users\Barry\Dow
nloads\Doussel_immo\.next\build\chunks\no
de_modules_fe693df6._.js:5510:26]
    at Parser.other (node_modules/postcss
/lib/parser.js:401:18) [C:\Users\Barry\Do
wnloads\Doussel_immo\.next\build\chunks\n
ode_modules_fe693df6._.js:5656:30]
    at Parser.parse (node_modules/postcss
/lib/parser.js:472:16) [C:\Users\Barry\Do
wnloads\Doussel_immo\.next\build\chunks\n
ode_modules_fe693df6._.js:5716:26]
    at parse (node_modules/postcss/lib/pa
rse.js:11:12) [C:\Users\Barry\Downloads\D
oussel_immo\.next\build\chunks\node_modul
es_fe693df6._.js:5853:16]
    at new LazyResult (node_modules/postc
ss/lib/lazy-result.js:165:16) [C:\Users\B
arry\Downloads\Doussel_immo\.next\build\c
hunks\node_modules_fe693df6._.js:6105:24]
    at Processor.process (node_modules/po
stcss/lib/processor.js:53:14) [C:\Users\B
arry\Downloads\Doussel_immo\.next\build\c
hunks\node_modules_fe693df6._.js:6572:20]
    at transform (turbopack:///[turbopack
-node]/transforms/postcss.ts:70:51) [C:\U
sers\Barry\Downloads\Doussel_immo\.next\b
uild\chunks\[root-of-the-server]__51225da
f._.js:146:52]
    at run (turbopack:///[turbopack-node]
/ipc/evaluate.ts:92:29) [C:\Users\Barry\D
ownloads\Doussel_immo\.next\build\chunks\
[root-of-the-server]__974941ed._.js:443:3
7]

Import trace:
  Client Component Browser:
    ./app/globals.css [Client Component 
Browser]
    ./app/layout.tsx [Server Component]


    at transform (turbopack:///[turbopack
-node]/transforms/postcss.ts:70:51) [C:\U
sers\Barry\Downloads\Doussel_immo\.next\b
uild\chunks\[root-of-the-server]__51225da
f._.js:146:52])
    at run (turbopack:///[turbopack-node]
/ipc/evaluate.ts:92:29) [C:\Users\Barry\D
ownloads\Doussel_immo\.next\build\chunks\
[root-of-the-server]__974941ed._.js:443:3
7])
